// Vitest Snapshot v1, https://vitest.dev/guide/snapshot.html

exports[`StatCards snapshots > renders correctly with default values 1`] = `
<div>
  <div
    class="grid gap-4 sm:grid-cols-2 lg:grid-cols-4"
  >
    <div
      class="bg-card text-card-foreground flex flex-col gap-6 rounded-xl border py-6 border-t-2 shadow-sm transition-shadow hover:shadow-md border-t-orange-400"
      data-slot="card"
    >
      <div
        class="px-6 pt-5 pb-5"
        data-slot="card-content"
      >
        <div
          class="flex items-start justify-between gap-3"
        >
          <div
            class="min-w-0 flex-1"
          >
            <p
              class="text-xs font-medium tracking-wide text-muted-foreground uppercase"
            >
              Family Members
            </p>
            <p
              class="mt-1.5 text-3xl font-bold tracking-tight text-foreground"
            >
              4
            </p>
            <p
              class="mt-0.5 text-xs text-muted-foreground"
            >
              Traveling together
            </p>
          </div>
          <div
            class="flex h-11 w-11 shrink-0 items-center justify-center rounded-xl text-xl bg-orange-50"
          >
            👨‍👩‍👧‍👦
          </div>
        </div>
      </div>
    </div>
    <div
      class="bg-card text-card-foreground flex flex-col gap-6 rounded-xl border py-6 border-t-2 shadow-sm transition-shadow hover:shadow-md border-t-sky-400"
      data-slot="card"
    >
      <div
        class="px-6 pt-5 pb-5"
        data-slot="card-content"
      >
        <div
          class="flex items-start justify-between gap-3"
        >
          <div
            class="min-w-0 flex-1"
          >
            <p
              class="text-xs font-medium tracking-wide text-muted-foreground uppercase"
            >
              Active Cards
            </p>
            <p
              class="mt-1.5 text-3xl font-bold tracking-tight text-foreground"
            >
              3
            </p>
            <p
              class="mt-0.5 text-xs text-muted-foreground"
            >
              Earning rewards
            </p>
          </div>
          <div
            class="flex h-11 w-11 shrink-0 items-center justify-center rounded-xl text-xl bg-sky-50"
          >
            💳
          </div>
        </div>
      </div>
    </div>
    <div
      class="bg-card text-card-foreground flex flex-col gap-6 rounded-xl border py-6 border-t-2 shadow-sm transition-shadow hover:shadow-md border-t-emerald-400"
      data-slot="card"
    >
      <div
        class="px-6 pt-5 pb-5"
        data-slot="card-content"
      >
        <div
          class="flex items-start justify-between gap-3"
        >
          <div
            class="min-w-0 flex-1"
          >
            <p
              class="text-xs font-medium tracking-wide text-muted-foreground uppercase"
            >
              Upcoming Trips
            </p>
            <p
              class="mt-1.5 text-3xl font-bold tracking-tight text-foreground"
            >
              2
            </p>
            <p
              class="mt-0.5 text-xs text-muted-foreground"
            >
              Adventures planned
            </p>
          </div>
          <div
            class="flex h-11 w-11 shrink-0 items-center justify-center rounded-xl text-xl bg-emerald-50"
          >
            ✈️
          </div>
        </div>
      </div>
    </div>
    <div
      class="bg-card text-card-foreground flex flex-col gap-6 rounded-xl border py-6 border-t-2 shadow-sm transition-shadow hover:shadow-md border-t-amber-400"
      data-slot="card"
    >
      <div
        class="px-6 pt-5 pb-5"
        data-slot="card-content"
      >
        <div
          class="flex items-start justify-between gap-3"
        >
          <div
            class="min-w-0 flex-1"
          >
            <p
              class="text-xs font-medium tracking-wide text-muted-foreground uppercase"
            >
              Total Points
            </p>
            <p
              class="mt-1.5 text-3xl font-bold tracking-tight text-foreground"
            >
              125,000
            </p>
            <p
              class="mt-0.5 text-xs text-muted-foreground"
            >
              Across all cards
            </p>
          </div>
          <div
            class="flex h-11 w-11 shrink-0 items-center justify-center rounded-xl text-xl bg-amber-50"
          >
            ⭐
          </div>
        </div>
      </div>
    </div>
  </div>
</div>
`;
